U2luZ2xlcGxheWVy	1qjUqt6R2qY=
TXVsdGlwbGF5ZXI=	2JjUqt6R2qY=
Q3JlZGl0cw==	1pHViA==
TG9hZGluZyBXb3JsZCBJbmZv	3Z/XuNab4KOn1Ivfm9WR2ps=
V29ybGQgSW5mbw==	1Ivfm9WR2ps=
TWFrZSBDbG91ZCBTYXZl	1ovZs9Si2K3dgQ==
TWFrZSBMb2NhbCBTYXZl	1ovZs9yZ17nYrd2B
RGVsZXRlIENoYXJhY3RlciAoSG9sZCB0byBDb25maXJtKQ==	1ozgpYXgorLgobbgppXbjNWF4KCG4KK44KaW
Q3JlYXRpbmcgYSBOZXcgQ2hhcmFjdGVy	3Z/XuNaL2bPbtuCisuChtg==
Q3JlYXRlIE5ldyBDaGFyYWN0ZXI=	1ovZs9u24KKy4KG2
Q2hhcmFjdGVyIE5hbWU6	4KKy4KG2143goJbgppg=
RW50ZXIgQ2hhcmFjdGVyIE5hbWU=	4KOq1aXgorLgobbXjeCglg==
Q2hhcmFjdGVyIFNraW46	4KKy4KG236Xgoafgppg=
QWxsb3cgQ2hlYXRzOg==	1Z/gor3ViNm44KaY
Q3JlYXRl	1ovZsw==
Q2FuY2Vs	1rnehw==
Q3JlYXRlIE5ldyBXb3JsZA==	1ovZs9u21Ivfmw==
Q3JlYXRpbmcgYSBOZXcgV29ybGQ=	3Z/XuNaL2bPbttSL35s=
V29ybGQgTmFtZTo=	1Ivfm9eN4KCW4KaY
RW50ZXIgV29ybGQgTmFtZQ==	4KOq1aXUi9+b143goJY=
UmFuZG9t	4KWJ3Jw=
V29ybGQgU2VlZDo=	1Ivfm+Cgktir4KaY
RW50ZXIgV29ybGQgU2VlZA==	4KOq1aXUi9+b4KCS2Ks=
V29ybGQgVHlwZTo=	1Ivfm+CgsNiC4KaY
RGVmYXVsdCBXb3JsZA==	3IbgpIDUi9+b
RmxhdCBXb3JsZA==	2afgpZjUi9+b
Vm9pZCBXb3JsZA==	4KCe36PUi9+b
RmxvYXRpbmcgSXNsYW5kcw==	4KCe1JLgoZzgopA=
QWJzdHJhY3Q=	1azUsA==
T3Zlcmhhbmdz	1IXbt+ChiNyn
RGVtbyBXb3JsZCAoRm9yZXN0IE9ubHkp	3pvgoInUi9+b4KaV1Kzdjtyp4KaW
RGVsZXRlIFdvcmxkIChIb2xkIHRvIENvbmZpcm0p	1ozgpYXUi9+b4KaV24zVheCghuCiuOCmlg==
TG9jYWwgU2F2ZQ==	3JnXudit3YE=
Q2xvdWQgU2F2ZQ==	1KLYrd2B
TGFzdCBQbGF5ZWQ6	1IXdm96R34fgppg=
VmVyc2lvbjo=	3rrcmeCmmA==
Q2xvdWQgU2F2ZTo=	1KLYrd2B4KaY
Q29tcGVuZGl1bQ==	17XgpJQ=
QWR2ZW50dXJlIEd1aWRl	1bLgpYbbi9aq
UmVjaXBlcw==	4KSN27c=
RmlzaA==	4KW94KCw
UGF1c2Vk	2ZnciNWY
UmVzdW1l	4KGN4KGO3pHapg==
SG9zdCBNdWx0aXBsYXllcg==	1JTbitiY1Krekdqm
T2ZmaWNpYWwgV2lraQ==	3pHapiBXaWtp
U2F2ZQ==	1ZDYrQ==
U2F2ZSAmIFF1aXQ=	1ZDYrdmo4KO51oI=
T3B0aW9ucw==	4KO84KWe
Q29ubmVjdGluZyB0byBNdWx0aXBsYXllcg==	3Z/XuOCjttuZ2JjUqt6R2qY=
Q29ubmVjdCB2aWEgU3RlYW0=	4KSA4KOtIFN0ZWFtIOCjttuZ
Q29ubmVjdCB2aWEgSVA=	4KSA4KOtIElQIOCjttuZ
Q29ubmVjdCB0bzo=	4KO225nWkOCmmA==
RW50ZXIgSVA=	4KOq1aUgSVA=
SG9zdCBnYW1lIHZpYSBTdGVhbQ==	4KSA4KOtIFN0ZWFtINaL2bPUlNyc
SG9zdCBnYW1lIHZpYSBJUA==	4KSA4KOtIElQINaL2bPUlNyc
U3RhdHVzOg==	34LakeCmmA==
T2ZmbGluZS4=	4KCQ4KGC1II=
T25saW5lLg==	17jgoYLUgg==
T3BlbiBSb29t	2rLZtNqu4KS2
Q2xvc2UgUm9vbQ==	1argpLParuCktg==
RW5hYmxlZCBQYWNrcw==	2ZnXlN+V4KOV3pTWoQ==
RGlzYWJsZWQgUGFja3M=	2ZngoI7fleCjld6U1qE=
UGxlYXNlIG5vdGU=	4KOH3braog==
Q2hhbmdlcyB3aWxsIG9ubHkgYXBwbHkgb25jZSB0aGUgZ2FtZSBpcyByZXN0YXJ0ZWQ=	3Izbp9mG17jgpJDXlN6R2qbXjt+U26s=
U2VhcmNoLi4u	3LPaty4uLg==
TWVyY2hhbnQ=	16bUqg==
Q3JhZnRpbmc=	1pHViA==
RXF1aXBtZW50	4KKr2JU=
SW52ZW50b3J5	4KGp1qE=
VXNlZCB0byBNYWtlOg==	35XUodaR1Yjgppg=
SG93IHRvIE1ha2U6	1pHViNu33bbgppg=
QnV5	4KOS1J4=
U2VsbA==	1oLXpA==
QXBwbHk=	2azflQ==
QmFjaw==	4KOx168=
SW5mbw==	1ZHamw==
RGVsZXRl	1ozgpYU=
TW92ZSBVcA==	1IXgoJc=
TW92ZSBEb3du	1IbgoJc=
TmV3	27bZsw==
TG9hZA==	1pvgo6c=
UXVpdA==	4KO51oI=
TmV3IEdhbWU=	27bekdqm
TG9hZCBHYW1l	1pvgo6fekdqm
Q2xvc2UgdGhpcyBtZXNzYWdl	1argpLPdoN6H2ps=
VW5kZXIgQ29uc3RydWN0aW9u	2bPgor7Ukg==
V2lzaGxpc3Qgb24gU3RlYW0h	17ggU3RlYW0g1IXbpuCil+CmlA==
RGVtbyBWZXJzaW9u	3pvgoIneug==
TG9hZGluZyBUcmFuc2xhdGlvbg==	3Z/XuNab4KOn4KOE4KK11qE=
TG9hZGluZyBEaW1lbnNpb24gSW5mbw==	3Z/XuNab4KOn4KGQ2bDVkdqb
T3BlbiBBc3NldCBQYWNrIEZvbGRlcg==	2rLZtOCjld6U1qHbsdS32KE=
T3BlbiBCYWNrdXBz	2rLZtNiV1Lo=
T3BlbiBTYXZlcw==	2rLZtNit3YE=
T3BlbiBTa2lucw==	2rLZtN+l4KGn
UmVzZXQgS2V5YmluZHM=	4KSQ4KGa24zgpKvgoYbYtQ==
RW5hYmxlIFBWUA==	15TflSBQVlA=
RGlzYWJsZSBNb25zdGVycw==	4KCO35Xal96/
U3Bhd24gTW9uc3RlcnM=	35Tap9qX3r8=
U2hvdyBDb250cm9sIEhpbnRz	3ILgoInbpNWI253goIk=
QXBwbHlpbmcgU2V0dGluZ3M=	3Z/XuNms35Xgor7goZo=
YnRuX29wdGlvbnM=	4KO84KWe
YnRuX25ldw==	1ovZs9u21Ivfmw==
YnRuX2JhY2s=	4KOx168=
YnRuX2NyZWF0ZQ==	1ovZsw==
YnRuX2NhbmNlbA==	1rnehw==
YnRuX2NvbXBlbmRpdW0=	17XgpJQ=
YnRuX2hvc3RfZ2FtZQ==	1JTbitiY1Krekdqm
YnRuX2ZlZWRiYWNr	3pHapiBXaWtp
YnRuX3NhdmU=	1ZDYrQ==
YnRuX3Jlc3VtZQ==	4KGN4KGO3pHapg==
YnRuX2Nsb3Vk	1ovZs9Si2K3dgQ==
YnRuX2RlbGV0ZQ==	1ozgpYU=
YnRuX2luZm8=	1ZHamw==
YnRuX2FwcGx5	2azflQ==
YnRuX3NraW5Gb2xkZXI=	27HUt9ih
dGV4dF9wYXVzZWQ=	2ZnciNWY
dGV4dF9zdGF0dXM=	34LakeCmmA==
dGV4dF9uZXc=	3Z/XuNaL2bPbttSL35s=
dGV4dF9zZWVk	4KOq1aXUi9+b4KCS2Ks=
ZW51bV93b3JsZHR5cGU=	1Ivfm+CgsNiC4KaY
bGlzdF9vcHRpb25z	4KO84KWe
bGlzdF93b3JsZHM=	1Ivfmw==
bGlzdF9jaGFycw==	4KKy4KG2
RW5lbWllcyB3aWxsIG9ubHkgc3Bhd24gb24gbmF0dXJhbGx5IGdlbmVyYXRpbmcgYmxvY2tzLg==	26zUqta/1L7XuOChsN6v35Tap9+k27fXvtSF35Tap9SC
UHJlc3MgdGhlIHZpZXcgcmVjaXBlIGtleWJpbmQgdG8gdmlldyBhbiBpdGVtJ3MgcmVjaXBlcy4=	24zcs9+u4KSN27ffpNuM4KSr4KGG2LXXg9yz367ev9eg4KSN27fUgg==
WW91IGNhbiBhdXRvbWF0aWNhbGx5IHN0YWNrIGl0ZW1zIHRvIG5lYXJieSBjaGVzdHMu	1YnXg9S04KGw1pzZht6/16DYiNa81pDgpYHgo7DfpOCgrNir1JLUgg==
WW91IGNhbiBzb3J0IHlvdXIgaW52ZW50b3J5Lg==	1YnXg9S027DfjeChqdah1II=
U29tZSB3ZWFwb25zIGNhbiBibG9jayBhdHRhY2tzIGZyb20gZW5lbWllcy4=	4KSL1obdotet14PUtNy+24/brNSq36TbqNaD1II=
VXNlIGEgRGVjb3JhdGlvbiBTdGF0aW9uIHRvIG1ha2UgbG90cyBvZiBjb29sIGl0ZW1zLg==	1YvfleCiq+ClrteE1pHViOCivdiY2obgpI7fpN6/16DUgg==
TWFrZSB0b29scyB1c2luZyBmbGludCByb2NrcyBhbmQgYSBXb3JrYmVuY2gu	1Yvfld6237nXntmV1YjXhNaR1YjZldWt1II=
QSBzdHJvbmcgcGlja2F4ZSBjYW4gYnJlYWsgdGhyb3VnaCB0byB0aGUgb3RoZXIgc2lkZS4=	2b/WmuCkr9eD1LTbjuCgn9a+1IPVjtSC
U29tZXRpbWVzLCBpdCdzIGEgZ29vZCBpZGVhIHRvIGRpZyBzdHJhaWdodCBkb3duLg==	3JHbvdWV4KaX36zbmdeP1IbbjtyB1JHYpdSU2qLUgg==
SWYgeW91IGZpbmQgYSBidWcsIHBsZWFzZSByZXBvcnQgaXQgb24gdGhlIERpc2NvcmQu	2Kbcq9WJ1rjfiuCkp+CjheCml+Cjh9e4IERpc2NvcmQg1IXavdeY1II=
SGF2ZSBmZWVkYmFjaz8gSm9pbiB0aGUgZGlzY29yZCBvciBmaWxsIG91dCB0aGUgZmVlZGJhY2sgZm9ybS4=	3JHWt+ClsNeQ4Kaa1pvVpSBEaXNjb3JkINqp2IvVs9a34KWw4KKo1II=
VG9vbCBkdXJhYmlsaXR5IGlzbid0IHJlYWwsIGFuZCBjYW4ndCBodXJ0IHlvdS4=	2ZXVreChotSW2bDUh9yB36/fpOCml9Sc1IfUvtWB2LvVidSC
WW91IGNhbiBjaGFuZ2UgYW55IGJsb2NrcyBzaGFwZSB3aXRoIHRoZSBjaGFuZ2Ugc2hhcGUga2V5YmluZC4=	1YnXg9S01Yvfldun1rvagt+C36TbjOCkq+Chhti13KPbp9a71Lnaotu3177agt+C1II=
SWYgeW91IGxldCB3ZWVkcyBncm93IGluIHlvdXIgZ2FyZGVuLCB0aGV5IG1heSBtdXRhdGUuLg==	2Kbcq+Ciutyd4KKC17jgobnXsuCkj9+U4KSx4KaX2LDUtteD4KGr1L7Wu9m11IDUgA==
UGxhY2UgYW4gTlBDIHNpZ24gZm9yIHRvd25zZm9sayB0byBtb3ZlIGluLg==	26ngoZogTlBDINqu2ZDXmOCgid674KaX4KK62Y/dq9uf4KO03KPUgg==
UGxheWluZyBiYXNrZXRiYWxsIGR1cmluZyBhIGJvc3MgZmlnaHQgY2FuIGJlIGJlbmVmaWNpYWwu	17jgpbHgpaHaqtSS2rLgoK3fjNeD4KGr2obckdmh1p3Ugg==
SGVhcnQgYmVldHMgY2FuIGJlIHVzZWQgdG8gaW5jcmVhc2UgeW91ciBtYXhpbXVtIGhlYWx0aC4=	2ovfk+CijdeD35XUodud4KW51YnfpNyP2JvflNed1ZbUgg==
RXhwbG9zaXZlIGFycm93cyBhcmUgZGFuZ2Vyb3VzIGluIGNsb3NlIGNvbWJhdC4=	3rfeqOCgq9e44KOw2qrbvdqG1q3gpYbUgg==
Q3JvcHMgd2lsbCBvbmx5IGdyb3cgaWYgeW91IHdhdGVyIHRoZW0u	1r/ckd6C3a3XjtWI3r/asdS+35TgpLHUgg==
Q3JvcHMgY2FuIG11dGF0ZSBpZiB5b3UgbGVhdmUgZW1wdHkgZmFybWxhbmQu	2Kbcq9+c1IbgoJ7gpLXVtd+W4KaX1Yjev9eD4KGr1rjflNa72bXUgg==
V2F0Y2ggb3V0IGZvciB0cmFwcyB1bmRlcmdyb3VuZCBhbmQgaW4gZHVuZ2VvbnMu	2Yfai9e51IbXnte53r7Ukt+k4KWI4KS61II=
WW91IGNhbiBwbGFjZSByYWlscyB1cHNpZGUgZG93biBhbmQgb24gd2FsbHMu	1YnXg9S02YbgpJ/go6XVlOChmtqp4KSi17jYjdSF1II=
VG9yY2hlcyBkb24ndCBwcmV2ZW50IG1vbnN0ZXIgc3Bhd25pbmcgdW5kZXJncm91bmQu	3qHaudSH1L7gpL/dnte51Ibal96/35Tap9SC
VXNlIGEgUmVzcGF3biBQb2ludGVyIHRvIHNldCB5b3VyIHNwYXduLg==	1YvfleCkkN+U24vgpJXgor7goZrgpJDflN6p1II=
VXNlIFJldHVybmluZyBQb3Rpb25zIHRvIHJldHVybiBob21lIGlmIHlvdSBhcmUgbG9zdC4=	4KO34KOf273Vi9+V4KOx16/gooXdrdev2LzUgg==
Q1RSTCBjbGljayBpdGVtcyB0byBzZW5kIHRoZW0gdG8gdGhlIHRyYXNoIHNsb3Qu	24zVhSBDVFJMIN6p1oPev9eg14PZhtWs1rjgo7rWkNiB17vdlNSC
